// Jest Snapshot v1, https://goo.gl/fbAQLP

exports[`Mission test to render all missions:  1`] = `
Object {
  "asFragment": [Function],
  "baseElement": <body>
    <div>
      <div>
        <ul
          class="list-group list-group-flush"
        >
          <li
            class="list-group-item"
          >
            <div
              class="card mb-3"
            >
              <div
                class="row g-0"
              >
                <div
                  class="col-md-4"
                >
                  <img
                    alt="..."
                    class="img-fluid rounded-start"
                    src="rocket1.jpg"
                  />
                </div>
                <div
                  class="col-md-8"
                >
                  <div
                    class="card-body"
                  >
                    <h5
                      class="card-title"
                    >
                      Rocket 1
                    </h5>
                    <p
                      class="card-text"
                    >
                      <span
                        class="badge rounded-pill bg-primary"
                      >
                        Available
                      </span>
                      A rocket description
                    </p>
                    <button
                      class="btn btn-primary"
                      type="button"
                    >
                      Reserve rocket
                    </button>
                  </div>
                </div>
              </div>
            </div>
          </li>
          <li
            class="list-group-item"
          >
            <div
              class="card mb-3"
            >
              <div
                class="row g-0"
              >
                <div
                  class="col-md-4"
                >
                  <img
                    alt="..."
                    class="img-fluid rounded-start"
                    src="rocket2.jpg"
                  />
                </div>
                <div
                  class="col-md-8"
                >
                  <div
                    class="card-body"
                  >
                    <h5
                      class="card-title"
                    >
                      Rocket 2
                    </h5>
                    <p
                      class="card-text"
                    >
                      <span
                        class="badge rounded-pill bg-primary"
                      >
                        Available
                      </span>
                      A rocket description
                    </p>
                    <button
                      class="btn btn-primary"
                      type="button"
                    >
                      Reserve rocket
                    </button>
                  </div>
                </div>
              </div>
            </div>
          </li>
        </ul>
      </div>
    </div>
  </body>,
  "container": <div>
    <div>
      <ul
        class="list-group list-group-flush"
      >
        <li
          class="list-group-item"
        >
          <div
            class="card mb-3"
          >
            <div
              class="row g-0"
            >
              <div
                class="col-md-4"
              >
                <img
                  alt="..."
                  class="img-fluid rounded-start"
                  src="rocket1.jpg"
                />
              </div>
              <div
                class="col-md-8"
              >
                <div
                  class="card-body"
                >
                  <h5
                    class="card-title"
                  >
                    Rocket 1
                  </h5>
                  <p
                    class="card-text"
                  >
                    <span
                      class="badge rounded-pill bg-primary"
                    >
                      Available
                    </span>
                    A rocket description
                  </p>
                  <button
                    class="btn btn-primary"
                    type="button"
                  >
                    Reserve rocket
                  </button>
                </div>
              </div>
            </div>
          </div>
        </li>
        <li
          class="list-group-item"
        >
          <div
            class="card mb-3"
          >
            <div
              class="row g-0"
            >
              <div
                class="col-md-4"
              >
                <img
                  alt="..."
                  class="img-fluid rounded-start"
                  src="rocket2.jpg"
                />
              </div>
              <div
                class="col-md-8"
              >
                <div
                  class="card-body"
                >
                  <h5
                    class="card-title"
                  >
                    Rocket 2
                  </h5>
                  <p
                    class="card-text"
                  >
                    <span
                      class="badge rounded-pill bg-primary"
                    >
                      Available
                    </span>
                    A rocket description
                  </p>
                  <button
                    class="btn btn-primary"
                    type="button"
                  >
                    Reserve rocket
                  </button>
                </div>
              </div>
            </div>
          </div>
        </li>
      </ul>
    </div>
  </div>,
  "debug": [Function],
  "findAllByAltText": [Function],
  "findAllByDisplayValue": [Function],
  "findAllByLabelText": [Function],
  "findAllByPlaceholderText": [Function],
  "findAllByRole": [Function],
  "findAllByTestId": [Function],
  "findAllByText": [Function],
  "findAllByTitle": [Function],
  "findByAltText": [Function],
  "findByDisplayValue": [Function],
  "findByLabelText": [Function],
  "findByPlaceholderText": [Function],
  "findByRole": [Function],
  "findByTestId": [Function],
  "findByText": [Function],
  "findByTitle": [Function],
  "getAllByAltText": [Function],
  "getAllByDisplayValue": [Function],
  "getAllByLabelText": [Function],
  "getAllByPlaceholderText": [Function],
  "getAllByRole": [Function],
  "getAllByTestId": [Function],
  "getAllByText": [Function],
  "getAllByTitle": [Function],
  "getByAltText": [Function],
  "getByDisplayValue": [Function],
  "getByLabelText": [Function],
  "getByPlaceholderText": [Function],
  "getByRole": [Function],
  "getByTestId": [Function],
  "getByText": [Function],
  "getByTitle": [Function],
  "queryAllByAltText": [Function],
  "queryAllByDisplayValue": [Function],
  "queryAllByLabelText": [Function],
  "queryAllByPlaceholderText": [Function],
  "queryAllByRole": [Function],
  "queryAllByTestId": [Function],
  "queryAllByText": [Function],
  "queryAllByTitle": [Function],
  "queryByAltText": [Function],
  "queryByDisplayValue": [Function],
  "queryByLabelText": [Function],
  "queryByPlaceholderText": [Function],
  "queryByRole": [Function],
  "queryByTestId": [Function],
  "queryByText": [Function],
  "queryByTitle": [Function],
  "rerender": [Function],
  "unmount": [Function],
}
`;
